src/app/destinos/page.tsx(3,8): error TS1259: Module '"C:/TransportesElSol/node_modules/@types/react/index"' can only be default-imported using the 'esModuleInterop' flag
src/app/destinos/page.tsx(6,30): error TS2307: Cannot find module '@/components/LanguageSwitcher' or its corresponding type declarations.
src/app/destinos/page.tsx(7,24): error TS2307: Cannot find module '@/components/MobileMenu' or its corresponding type declarations.
src/app/destinos/page.tsx(74,5): error TS17004: Cannot use JSX unless the '--jsx' flag is provided.
src/app/destinos/page.tsx(77,7): error TS17004: Cannot use JSX unless the '--jsx' flag is provided.
src/app/destinos/page.tsx(78,9): error TS17004: Cannot use JSX unless the '--jsx' flag is provided.
src/app/destinos/page.tsx(79,9): error TS17004: Cannot use JSX unless the '--jsx' flag is provided.
src/app/destinos/page.tsx(80,9): error TS17004: Cannot use JSX unless the '--jsx' flag is provided.
src/app/destinos/page.tsx(86,7): error TS17004: Cannot use JSX unless the '--jsx' flag is provided.
src/app/destinos/page.tsx(87,9): error TS17004: Cannot use JSX unless the '--jsx' flag is provided.
src/app/destinos/page.tsx(88,11): error TS17004: Cannot use JSX unless the '--jsx' flag is provided.
src/app/destinos/page.tsx(89,13): error TS17004: Cannot use JSX unless the '--jsx' flag is provided.
src/app/destinos/page.tsx(90,13): error TS17004: Cannot use JSX unless the '--jsx' flag is provided.
src/app/destinos/page.tsx(91,15): error TS17004: Cannot use JSX unless the '--jsx' flag is provided.
src/app/destinos/page.tsx(92,17): error TS17004: Cannot use JSX unless the '--jsx' flag is provided.
src/app/destinos/page.tsx(94,15): error TS17004: Cannot use JSX unless the '--jsx' flag is provided.
src/app/destinos/page.tsx(95,17): error TS17004: Cannot use JSX unless the '--jsx' flag is provided.
src/app/destinos/page.tsx(98,17): error TS17004: Cannot use JSX unless the '--jsx' flag is provided.
src/app/destinos/page.tsx(105,11): error TS17004: Cannot use JSX unless the '--jsx' flag is provided.
src/app/destinos/page.tsx(106,13): error TS17004: Cannot use JSX unless the '--jsx' flag is provided.
src/app/destinos/page.tsx(107,15): error TS17004: Cannot use JSX unless the '--jsx' flag is provided.
src/app/destinos/page.tsx(110,11): error TS17004: Cannot use JSX unless the '--jsx' flag is provided.
src/app/destinos/page.tsx(111,13): error TS17004: Cannot use JSX unless the '--jsx' flag is provided.
src/app/destinos/page.tsx(116,7): error TS17004: Cannot use JSX unless the '--jsx' flag is provided.
src/app/destinos/page.tsx(117,9): error TS17004: Cannot use JSX unless the '--jsx' flag is provided.
src/app/destinos/page.tsx(119,11): error TS17004: Cannot use JSX unless the '--jsx' flag is provided.
src/app/destinos/page.tsx(120,13): error TS17004: Cannot use JSX unless the '--jsx' flag is provided.
src/app/destinos/page.tsx(121,15): error TS17004: Cannot use JSX unless the '--jsx' flag is provided.
src/app/destinos/page.tsx(123,13): error TS17004: Cannot use JSX unless the '--jsx' flag is provided.
src/app/destinos/page.tsx(126,13): error TS17004: Cannot use JSX unless the '--jsx' flag is provided.
src/app/destinos/page.tsx(132,11): error TS17004: Cannot use JSX unless the '--jsx' flag is provided.
src/app/destinos/page.tsx(134,13): error TS17004: Cannot use JSX unless the '--jsx' flag is provided.
src/app/destinos/page.tsx(142,13): error TS17004: Cannot use JSX unless the '--jsx' flag is provided.
src/app/destinos/page.tsx(167,13): error TS17004: Cannot use JSX unless the '--jsx' flag is provided.
src/app/destinos/page.tsx(170,13): error TS17004: Cannot use JSX unless the '--jsx' flag is provided.
src/app/destinos/page.tsx(171,15): error TS17004: Cannot use JSX unless the '--jsx' flag is provided.
src/app/destinos/page.tsx(172,17): error TS17004: Cannot use JSX unless the '--jsx' flag is provided.
src/app/destinos/page.tsx(173,17): error TS17004: Cannot use JSX unless the '--jsx' flag is provided.
src/app/destinos/page.tsx(177,13): error TS17004: Cannot use JSX unless the '--jsx' flag is provided.
src/app/destinos/page.tsx(183,11): error TS17004: Cannot use JSX unless the '--jsx' flag is provided.
src/app/destinos/page.tsx(184,13): error TS17004: Cannot use JSX unless the '--jsx' flag is provided.
src/app/destinos/page.tsx(185,15): error TS17004: Cannot use JSX unless the '--jsx' flag is provided.
src/app/destinos/page.tsx(187,15): error TS17004: Cannot use JSX unless the '--jsx' flag is provided.
src/app/destinos/page.tsx(190,13): error TS17004: Cannot use JSX unless the '--jsx' flag is provided.
src/app/destinos/page.tsx(192,17): error TS17004: Cannot use JSX unless the '--jsx' flag is provided.
src/app/destinos/page.tsx(194,21): error TS17004: Cannot use JSX unless the '--jsx' flag is provided.
src/app/destinos/page.tsx(195,23): error TS17004: Cannot use JSX unless the '--jsx' flag is provided.
src/app/destinos/page.tsx(202,19): error TS17004: Cannot use JSX unless the '--jsx' flag is provided.
src/app/destinos/page.tsx(203,21): error TS17004: Cannot use JSX unless the '--jsx' flag is provided.
src/app/destinos/page.tsx(204,23): error TS17004: Cannot use JSX unless the '--jsx' flag is provided.
src/app/destinos/page.tsx(205,25): error TS17004: Cannot use JSX unless the '--jsx' flag is provided.
src/app/destinos/page.tsx(208,21): error TS17004: Cannot use JSX unless the '--jsx' flag is provided.
src/app/destinos/page.tsx(209,21): error TS17004: Cannot use JSX unless the '--jsx' flag is provided.
src/app/destinos/page.tsx(216,15): error TS17004: Cannot use JSX unless the '--jsx' flag is provided.
src/app/destinos/page.tsx(217,17): error TS17004: Cannot use JSX unless the '--jsx' flag is provided.
src/app/destinos/page.tsx(223,11): error TS17004: Cannot use JSX unless the '--jsx' flag is provided.
src/app/destinos/page.tsx(224,13): error TS17004: Cannot use JSX unless the '--jsx' flag is provided.
src/app/destinos/page.tsx(233,13): error TS17004: Cannot use JSX unless the '--jsx' flag is provided.
src/app/destinos/page.tsx(236,13): error TS17004: Cannot use JSX unless the '--jsx' flag is provided.
src/app/destinos/page.tsx(237,15): error TS17004: Cannot use JSX unless the '--jsx' flag is provided.
src/app/destinos/page.tsx(238,15): error TS17004: Cannot use JSX unless the '--jsx' flag is provided.
src/app/destinos/page.tsx(251,13): error TS17004: Cannot use JSX unless the '--jsx' flag is provided.
src/app/destinos/page.tsx(253,15): error TS17004: Cannot use JSX unless the '--jsx' flag is provided.
src/app/destinos/page.tsx(254,17): error TS17004: Cannot use JSX unless the '--jsx' flag is provided.
src/app/destinos/page.tsx(255,19): error TS17004: Cannot use JSX unless the '--jsx' flag is provided.
src/app/destinos/page.tsx(257,19): error TS17004: Cannot use JSX unless the '--jsx' flag is provided.
src/app/destinos/page.tsx(260,17): error TS17004: Cannot use JSX unless the '--jsx' flag is provided.
src/app/destinos/page.tsx(262,21): error TS17004: Cannot use JSX unless the '--jsx' flag is provided.
src/app/destinos/page.tsx(264,25): error TS17004: Cannot use JSX unless the '--jsx' flag is provided.
src/app/destinos/page.tsx(265,27): error TS17004: Cannot use JSX unless the '--jsx' flag is provided.
src/app/destinos/page.tsx(272,23): error TS17004: Cannot use JSX unless the '--jsx' flag is provided.
src/app/destinos/page.tsx(273,25): error TS17004: Cannot use JSX unless the '--jsx' flag is provided.
src/app/destinos/page.tsx(274,27): error TS17004: Cannot use JSX unless the '--jsx' flag is provided.
src/app/destinos/page.tsx(275,29): error TS17004: Cannot use JSX unless the '--jsx' flag is provided.
src/app/destinos/page.tsx(278,25): error TS17004: Cannot use JSX unless the '--jsx' flag is provided.
src/app/destinos/page.tsx(279,25): error TS17004: Cannot use JSX unless the '--jsx' flag is provided.
src/app/destinos/page.tsx(281,27): error TS17004: Cannot use JSX unless the '--jsx' flag is provided.
src/app/destinos/page.tsx(282,29): error TS17004: Cannot use JSX unless the '--jsx' flag is provided.
src/app/destinos/page.tsx(283,29): error TS17004: Cannot use JSX unless the '--jsx' flag is provided.
src/app/destinos/page.tsx(293,15): error TS17004: Cannot use JSX unless the '--jsx' flag is provided.
src/app/destinos/page.tsx(294,17): error TS17004: Cannot use JSX unless the '--jsx' flag is provided.
src/app/destinos/page.tsx(302,17): error TS17004: Cannot use JSX unless the '--jsx' flag is provided.
src/app/destinos/page.tsx(303,17): error TS17004: Cannot use JSX unless the '--jsx' flag is provided.
src/app/destinos/page.tsx(304,19): error TS17004: Cannot use JSX unless the '--jsx' flag is provided.
src/app/destinos/page.tsx(305,19): error TS17004: Cannot use JSX unless the '--jsx' flag is provided.
src/app/destinos/page.tsx(312,11): error TS17004: Cannot use JSX unless the '--jsx' flag is provided.
src/app/destinos/page.tsx(313,13): error TS17004: Cannot use JSX unless the '--jsx' flag is provided.
src/app/destinos/page.tsx(314,15): error TS17004: Cannot use JSX unless the '--jsx' flag is provided.
src/app/destinos/page.tsx(316,15): error TS17004: Cannot use JSX unless the '--jsx' flag is provided.
src/app/destinos/page.tsx(319,13): error TS17004: Cannot use JSX unless the '--jsx' flag is provided.
src/app/destinos/page.tsx(321,17): error TS17004: Cannot use JSX unless the '--jsx' flag is provided.
src/app/destinos/page.tsx(323,21): error TS17004: Cannot use JSX unless the '--jsx' flag is provided.
src/app/destinos/page.tsx(324,23): error TS17004: Cannot use JSX unless the '--jsx' flag is provided.
src/app/destinos/page.tsx(331,19): error TS17004: Cannot use JSX unless the '--jsx' flag is provided.
src/app/destinos/page.tsx(332,21): error TS17004: Cannot use JSX unless the '--jsx' flag is provided.
src/app/destinos/page.tsx(333,23): error TS17004: Cannot use JSX unless the '--jsx' flag is provided.
src/app/destinos/page.tsx(334,25): error TS17004: Cannot use JSX unless the '--jsx' flag is provided.
src/app/destinos/page.tsx(337,21): error TS17004: Cannot use JSX unless the '--jsx' flag is provided.
src/app/destinos/page.tsx(338,21): error TS17004: Cannot use JSX unless the '--jsx' flag is provided.
src/app/destinos/page.tsx(348,7): error TS17004: Cannot use JSX unless the '--jsx' flag is provided.
src/app/destinos/page.tsx(349,9): error TS17004: Cannot use JSX unless the '--jsx' flag is provided.
src/app/destinos/page.tsx(350,11): error TS17004: Cannot use JSX unless the '--jsx' flag is provided.
src/app/destinos/page.tsx(351,11): error TS17004: Cannot use JSX unless the '--jsx' flag is provided.
src/app/destinos/page.tsx(352,13): error TS17004: Cannot use JSX unless the '--jsx' flag is provided.
